<testsuites id="" name="" tests="1" failures="0" skipped="0" errors="0" time="1.687634">
<testsuite name="example.spec.js" timestamp="2025-07-13T15:22:25.845Z" hostname="Chrome" tests="1" failures="0" skipped="0" time="0.44" errors="0">
<testcase name="Check the header" classname="example.spec.js" time="0.44">
<system-out>
<![CDATA[Hello world
]]>
</system-out>
</testcase>
</testsuite>
</testsuites>